17-May-2023 14:27:44 INFO - Before Enrolling for a plan..register
17-May-2023 14:27:44 INFO - Before Enrolling for a plan..enrollToPlan
17-May-2023 14:27:44 INFO - Enrolled successfully for the plan.true
17-May-2023 14:27:44 INFO - Enrolled successfully.
17-May-2023 14:27:44 INFO - Before Enrolling for a plan..enrollToPlan
17-May-2023 14:27:44 INFO - Enrolled successfully for the plan.true
17-May-2023 14:27:44 INFO - Enrolled successfully.
17-May-2023 14:27:44 INFO - Enrolled successfully for the plan.Customer enrolled to Plan
17-May-2023 14:27:44 INFO - Enrolled successfully.
17-May-2023 14:28:09 INFO - Before Enrolling for a plan..register
17-May-2023 14:28:09 INFO - Before Enrolling for a plan..enrollToPlan
17-May-2023 14:28:09 INFO - Enrolled successfully for the plan.true
17-May-2023 14:28:09 INFO - Enrolled successfully.
17-May-2023 14:28:09 INFO - Before Enrolling for a plan..enrollToPlan
17-May-2023 14:28:09 INFO - Enrolled successfully for the plan.true
17-May-2023 14:28:09 INFO - Enrolled successfully.
17-May-2023 14:28:09 INFO - Enrolled successfully for the plan.Customer enrolled to Plan
17-May-2023 14:28:09 INFO - Enrolled successfully.
17-May-2023 14:31:52 INFO - Before Enrolling for a plan..register
17-May-2023 14:31:52 INFO - Before Enrolling for a plan..enrollToPlan
17-May-2023 14:31:52 INFO - Enrolled successfully for the plan.true
17-May-2023 14:31:52 INFO - Enrolled successfully.
17-May-2023 14:31:52 INFO - Before Enrolling for a plan..enrollToPlan
17-May-2023 14:31:52 INFO - Enrolled successfully for the plan.true
17-May-2023 14:31:52 INFO - Enrolled successfully.
17-May-2023 14:31:52 INFO - Enrolled successfully for the plan.Customer enrolled to Plan
17-May-2023 14:31:52 INFO - Enrolled successfully.
